// Jest Snapshot v1, https://goo.gl/fbAQLP

exports[`recommended rules has the right list 1`] = `
Array [
  "avoid-leaking-state-in-ember-objects",
  "avoid-using-needs-in-controllers",
  "closure-actions",
  "jquery-ember-run",
  "new-module-imports",
  "no-arrow-function-computed-properties",
  "no-assignment-of-untracked-properties-used-in-tracking-contexts",
  "no-attrs-in-components",
  "no-attrs-snapshot",
  "no-capital-letters-in-routes",
  "no-controller-access-in-routes",
  "no-deeply-nested-dependent-keys-with-each",
  "no-duplicate-dependent-keys",
  "no-ember-super-in-es-classes",
  "no-ember-testing-in-module-scope",
  "no-function-prototype-extensions",
  "no-get-with-default",
  "no-get",
  "no-global-jquery",
  "no-incorrect-calls-with-inline-anonymous-functions",
  "no-incorrect-computed-macros",
  "no-invalid-debug-function-arguments",
  "no-invalid-dependent-keys",
  "no-invalid-test-waiters",
  "no-jquery",
  "no-legacy-test-waiters",
  "no-mixins",
  "no-new-mixins",
  "no-noop-setup-on-error-in-before",
  "no-observers",
  "no-old-shims",
  "no-on-calls-in-components",
  "no-pause-test",
  "no-private-routing-service",
  "no-restricted-resolver-tests",
  "no-side-effects",
  "no-test-and-then",
  "no-test-import-export",
  "no-test-module-for",
  "no-test-this-render",
  "no-unnecessary-route-path-option",
  "no-volatile-computed-properties",
  "prefer-ember-test-helpers",
  "require-computed-macros",
  "require-computed-property-dependencies",
  "require-return-from-computed",
  "require-super-in-init",
  "routes-segments-snake-case",
  "use-brace-expansion",
  "use-ember-data-rfc-395-imports",
]
`;
